Component: ARM Compiler 5.06 update 1 (build 61) Tool: armlink [4d35a8]

==============================================================================

Section Cross References

    speedcontrol.o(.text) refers to fscalb.o(.text) for __ARM_scalbnf
    speedcontrol.o(.text) refers to fdiv.o(.text) for __aeabi_fdiv
    speedcontrol.o(.text) refers to ffltui.o(.text) for __aeabi_ui2f
    speedcontrol.o(.text) refers to fmul.o(.text) for __aeabi_fmul
    speedcontrol.o(.text) refers to fadd.o(.text) for __aeabi_fadd
    speedcontrol.o(.text) refers to f2d.o(.text) for __aeabi_f2d
    speedcontrol.o(.text) refers to ceil.o(i.ceil) for ceil
    speedcontrol.o(.text) refers to dfixui.o(.text) for __aeabi_d2uiz
    speedcontrol.o(.text) refers to timersseup.o(.text) for Timer0_Int
    speedcontrol.o(.text) refers to rt_task.o(i.os_tsk_delete) for os_tsk_delete
    speedcontrol.o(.text) refers to rt_event.o(i.os_evt_wait) for os_evt_wait
    speedcontrol.o(.text) refers to serial.o(.text) for serial_init
    speedcontrol.o(.text) refers to motor.o(.text) for motors_parameters_init
    speedcontrol.o(.text) refers to rt_task.o(i.os_tsk_create0) for os_tsk_create0
    speedcontrol.o(.text) refers to hal_arm.o(.emb_text) for os_sys_init0
    speedcontrol.o(.text) refers to speedcontrol.o(.data) for .data
    motor.o(.text) refers to ffltui.o(.text) for __aeabi_ui2f
    motor.o(.text) refers to fscalb.o(.text) for __ARM_scalbnf
    motor.o(.text) refers to fmul.o(.text) for __aeabi_fmul
    motor.o(.text) refers to fdiv.o(.text) for __aeabi_fdiv
    motor.o(.text) refers to f2d.o(.text) for __aeabi_f2d
    motor.o(.text) refers to ceil.o(i.ceil) for ceil
    motor.o(.text) refers to dfixui.o(.text) for __aeabi_d2uiz
    motor.o(.text) refers to uidiv.o(.text) for __aeabi_uidivmod
    motor.o(.text) refers to ffixui.o(.text) for __aeabi_f2uiz
    motor.o(.text) refers to serial.o(.text) for SendInteger
    motor.o(.text) refers to speedcontrol.o(.data) for M1total_steps
    motor.o(.text) refers to speedcontrol.o(.data) for M1MaxSpeed
    motor.o(.text) refers to speedcontrol.o(.data) for M1Decceleration
    motor.o(.text) refers to speedcontrol.o(.data) for M2MaxSpeed
    motor.o(.text) refers to speedcontrol.o(.data) for M2Decceleration
    motor.o(.text) refers to speedcontrol.o(.data) for M3StepAngle
    motor.o(.text) refers to speedcontrol.o(.data) for M3MaxSpeed
    motor.o(.text) refers to speedcontrol.o(.data) for M3Acceleration
    motor.o(.text) refers to speedcontrol.o(.data) for M3Decceleration
    serial.o(.text) refers to uidiv.o(.text) for __aeabi_uidivmod
    serial.o(.text) refers to serial.o(.constdata) for .constdata
    timersseup.o(.text) refers to timersinterrupts.o(.text) for T0_IRQHandler
    timersinterrupts.o(.text) refers to pulsecontrol.o(.text) for LED_On
    timersinterrupts.o(.text) refers to rt_event.o(i.isr_evt_set) for isr_evt_set
    timersinterrupts.o(.text) refers to speedcontrol.o(.data) for t_SMotor1
    rtx_config.o(.text) refers to hal_arm.o(.emb_text) for os_clock_interrupt
    lpc2300.o(RESET) refers to hal_arm.o(.emb_text) for SWI_Handler
    lpc2300.o(RESET) refers to lpc2300.o(STACK) for Stack_Top
    lpc2300.o(RESET) refers to entry.o(.ARM.Collect$$$$00000000) for __main
    rt_task.o(i.os_block) refers to rt_list.o(i.os_put_dly) for os_put_dly
    rt_task.o(i.os_block) refers to rt_list.o(i.os_get_first) for os_get_first
    rt_task.o(i.os_block) refers to rt_task.o(.data) for .data
    rt_task.o(i.os_block) refers to rt_list.o(.bss) for os_rdy
    rt_task.o(i.os_dispatch) refers to rt_list.o(i.os_put_rdy_first) for os_put_rdy_first
    rt_task.o(i.os_dispatch) refers to rt_list.o(i.os_get_first) for os_get_first
    rt_task.o(i.os_dispatch) refers to rt_list.o(i.os_put_prio) for os_put_prio
    rt_task.o(i.os_dispatch) refers to rt_task.o(.data) for .data
    rt_task.o(i.os_dispatch) refers to rt_list.o(.bss) for os_rdy
    rt_task.o(i.os_init_context) refers to hal_arm.o(i.os_init_stack) for os_init_stack
    rt_task.o(i.os_init_context) refers to rtx_config.o(.bss) for mp_stk
    rt_task.o(i.os_sys_init1) refers to rt_membox.o(i._init_box) for _init_box
    rt_task.o(i.os_sys_init1) refers to rt_task.o(i.os_init_context) for os_init_context
    rt_task.o(i.os_sys_init1) refers to hal_arm.o(.emb_text) for os_set_env
    rt_task.o(i.os_sys_init1) refers to rtx_config.o(.text) for os_tmr_init
    rt_task.o(i.os_sys_init1) refers to rt_robin.o(i.os_init_robin) for os_init_robin
    rt_task.o(i.os_sys_init1) refers to rtx_config.o(.bss) for os_active_TCB
    rt_task.o(i.os_sys_init1) refers to rtx_config.o(.constdata) for os_maxtaskrun
    rt_task.o(i.os_sys_init1) refers to rtx_config.o(.constdata) for mp_tcb_size
    rt_task.o(i.os_sys_init1) refers to rtx_config.o(.bss) for mp_tcb
    rt_task.o(i.os_sys_init1) refers to rtx_config.o(.constdata) for os_stackinfo
    rt_task.o(i.os_sys_init1) refers to rtx_config.o(.constdata) for mp_stk_size
    rt_task.o(i.os_sys_init1) refers to rtx_config.o(.bss) for mp_stk
    rt_task.o(i.os_sys_init1) refers to rtx_config.o(.constdata) for mp_tmr_size
    rt_task.o(i.os_sys_init1) refers to rtx_config.o(.data) for m_tmr
    rt_task.o(i.os_sys_init1) refers to rt_task.o(.bss) for .bss
    rt_task.o(i.os_sys_init1) refers to rt_list.o(.bss) for os_rdy
    rt_task.o(i.os_sys_init1) refers to rt_task.o(.data) for .data
    rt_task.o(i.os_sys_init1) refers to rtx_config.o(.bss) for os_fifo
    rt_task.o(i.os_sys_init1) refers to rtx_config.o(.constdata) for os_fifo_size
    rt_task.o(i.os_sys_init1) refers to rt_task.o(i.os_tsk_create0) for os_tsk_create0
    rt_task.o(i.os_tsk_create0) refers to rt_task.o(i.os_init_context) for os_init_context
    rt_task.o(i.os_tsk_create0) refers to rtx_config.o(.text) for tsk_unlock
    rt_task.o(i.os_tsk_create0) refers to rt_task.o(i.os_dispatch) for os_dispatch
    rt_task.o(i.os_tsk_create0) refers to rtx_config.o(.bss) for mp_tcb
    rt_task.o(i.os_tsk_create0) refers to rtx_config.o(.bss) for os_active_TCB
    rt_task.o(i.os_tsk_create0) refers to rtx_config.o(.constdata) for os_maxtaskrun
    rt_task.o(i.os_tsk_create_ex0) refers to rt_task.o(i.os_tsk_create0) for os_tsk_create0
    rt_task.o(i.os_tsk_delete) refers to hal_arm.o(i.os_stk_check) for os_stk_check
    rt_task.o(i.os_tsk_delete) refers to rt_list.o(i.os_get_first) for os_get_first
    rt_task.o(i.os_tsk_delete) refers to rt_list.o(i.os_rmv_dly) for os_rmv_dly
    rt_task.o(i.os_tsk_delete) refers to rt_list.o(i.os_put_prio) for os_put_prio
    rt_task.o(i.os_tsk_delete) refers to rt_list.o(i.os_rmv_list) for os_rmv_list
    rt_task.o(i.os_tsk_delete) refers to rtx_config.o(.text) for tsk_unlock
    rt_task.o(i.os_tsk_delete) refers to rt_task.o(i.os_dispatch) for os_dispatch
    rt_task.o(i.os_tsk_delete) refers to rtx_config.o(.bss) for os_active_TCB
    rt_task.o(i.os_tsk_delete) refers to rt_task.o(.data) for .data
    rt_task.o(i.os_tsk_delete) refers to rt_list.o(.bss) for os_rdy
    rt_task.o(i.os_tsk_delete) refers to rtx_config.o(.bss) for mp_stk
    rt_task.o(i.os_tsk_delete) refers to rtx_config.o(.bss) for mp_tcb
    rt_task.o(i.os_tsk_delete) refers to rtx_config.o(.constdata) for os_maxtaskrun
    rt_task.o(i.os_tsk_pass) refers to rt_list.o(i.os_get_same_rdy_prio) for os_get_same_rdy_prio
    rt_task.o(i.os_tsk_pass) refers to rt_list.o(i.os_put_prio) for os_put_prio
    rt_task.o(i.os_tsk_pass) refers to rtx_config.o(.text) for tsk_unlock
    rt_task.o(i.os_tsk_pass) refers to rt_task.o(.data) for .data
    rt_task.o(i.os_tsk_pass) refers to rt_list.o(.bss) for os_rdy
    rt_task.o(i.os_tsk_prio) refers to rt_list.o(i.os_put_prio) for os_put_prio
    rt_task.o(i.os_tsk_prio) refers to rtx_config.o(.text) for tsk_unlock
    rt_task.o(i.os_tsk_prio) refers to rt_list.o(i.os_resort_prio) for os_resort_prio
    rt_task.o(i.os_tsk_prio) refers to rt_list.o(i.os_get_first) for os_get_first
    rt_task.o(i.os_tsk_prio) refers to rt_task.o(i.os_dispatch) for os_dispatch
    rt_task.o(i.os_tsk_prio) refers to rt_task.o(.data) for .data
    rt_task.o(i.os_tsk_prio) refers to rtx_config.o(.constdata) for os_maxtaskrun
    rt_task.o(i.os_tsk_prio) refers to rtx_config.o(.bss) for os_active_TCB
    rt_task.o(i.os_tsk_prio) refers to rt_list.o(.bss) for os_rdy
    rt_task.o(i.os_tsk_self) refers to rt_task.o(.data) for .data
    rt_event.o(i.isr_evt_set) refers to rt_list.o(i.os_psq_enq) for os_psq_enq
    rt_event.o(i.isr_evt_set) refers to rt_system.o(i.os_psh_req) for os_psh_req
    rt_event.o(i.isr_evt_set) refers to rtx_config.o(.bss) for os_active_TCB
    rt_event.o(i.os_evt_clr) refers to rtx_config.o(.text) for tsk_unlock
    rt_event.o(i.os_evt_clr) refers to rtx_config.o(.bss) for os_active_TCB
    rt_event.o(i.os_evt_get) refers to rt_task.o(.data) for os_runtask
    rt_event.o(i.os_evt_psh) refers to rt_list.o(i.os_rmv_dly) for os_rmv_dly
    rt_event.o(i.os_evt_psh) refers to rt_list.o(i.os_put_prio) for os_put_prio
    rt_event.o(i.os_evt_psh) refers to rt_list.o(.bss) for os_rdy
    rt_event.o(i.os_evt_set) refers to rt_list.o(i.os_rmv_dly) for os_rmv_dly
    rt_event.o(i.os_evt_set) refers to rt_task.o(i.os_dispatch) for os_dispatch
    rt_event.o(i.os_evt_set) refers to rtx_config.o(.text) for tsk_unlock
    rt_event.o(i.os_evt_set) refers to rtx_config.o(.bss) for os_active_TCB
    rt_event.o(i.os_evt_wait) refers to rt_task.o(i.os_block) for os_block
    rt_event.o(i.os_evt_wait) refers to rtx_config.o(.text) for tsk_unlock
    rt_event.o(i.os_evt_wait) refers to rt_task.o(.data) for os_runtask
    hal_arm.o(.emb_text) refers to hal_arm.o(.data) for sys_stktop
    hal_arm.o(.emb_text) refers to rt_task.o(i.os_sys_init1) for os_sys_init1
    hal_arm.o(.emb_text) refers to hal_arm.o(.data) for sys_mode
    hal_arm.o(.emb_text) refers to rtx_config.o(.text) for os_irq_ack_lock
    hal_arm.o(.emb_text) refers to rt_system.o(.data) for os_psh
    hal_arm.o(.emb_text) refers to rt_system.o(i.os_sys_manager) for os_sys_manager
    hal_arm.o(.emb_text) refers to swi_table.o(SWI_TABLE) for SWI_Table
    hal_arm.o(i.__SWI_0) refers to hal_arm.o(i.os_stk_check) for os_stk_check
    hal_arm.o(i.__SWI_0) refers to rtx_config.o(.text) for tsk_unlock
    hal_arm.o(i.__SWI_0) refers to hal_arm.o(.emb_text) for os_switch_tasks_ret
    hal_arm.o(i.__SWI_0) refers to rt_task.o(.data) for os_runtask
    hal_arm.o(i.os_init_stack) refers to rtx_config.o(.constdata) for os_stackinfo
    hal_arm.o(i.os_init_stack) refers to hal_arm.o(.data) for .data
    hal_arm.o(i.os_stk_check) refers to rtx_config.o(.text) for os_error
    hal_arm.o(i.os_stk_check) refers to rt_task.o(.data) for os_runtask
    rt_system.o(i.os_psh_req) refers to rtx_config.o(.text) for os_tmr_inspect_ovf
    rt_system.o(i.os_psh_req) refers to rt_system.o(.data) for .data
    rt_system.o(i.os_resume) refers to rt_list.o(i.os_put_rdy_first) for os_put_rdy_first
    rt_system.o(i.os_resume) refers to rt_list.o(i.os_dec_dly) for os_dec_dly
    rt_system.o(i.os_resume) refers to rt_timer.o(i.os_tmr_tick) for os_tmr_tick
    rt_system.o(i.os_resume) refers to rt_task.o(i.os_dispatch) for os_dispatch
    rt_system.o(i.os_resume) refers to rtx_config.o(.text) for tsk_unlock
    rt_system.o(i.os_resume) refers to rt_task.o(.data) for os_runtask
    rt_system.o(i.os_resume) refers to rt_robin.o(.data) for os_robin
    rt_system.o(i.os_resume) refers to rt_list.o(.bss) for os_dly
    rt_system.o(i.os_resume) refers to rt_time.o(.data) for os_time
    rt_system.o(i.os_resume) refers to rt_timer.o(.data) for os_tmr
    rt_system.o(i.os_suspend) refers to rt_list.o(.bss) for os_dly
    rt_system.o(i.os_suspend) refers to rt_timer.o(.data) for os_tmr
    rt_system.o(i.os_sys_manager) refers to rt_list.o(i.os_put_rdy_first) for os_put_rdy_first
    rt_system.o(i.os_sys_manager) refers to rtx_config.o(.text) for os_tmr_inspect_cnt
    rt_system.o(i.os_sys_manager) refers to rt_robin.o(i.os_chk_robin) for os_chk_robin
    rt_system.o(i.os_sys_manager) refers to rt_list.o(i.os_dec_dly) for os_dec_dly
    rt_system.o(i.os_sys_manager) refers to rt_semaphore.o(i.os_sem_psh) for os_sem_psh
    rt_system.o(i.os_sys_manager) refers to hal_arm.o(.emb_text) for _dec_qc
    rt_system.o(i.os_sys_manager) refers to rt_timer.o(i.os_tmr_tick) for os_tmr_tick
    rt_system.o(i.os_sys_manager) refers to hal_arm.o(i.os_stk_check) for os_stk_check
    rt_system.o(i.os_sys_manager) refers to rt_list.o(i.os_get_first) for os_get_first
    rt_system.o(i.os_sys_manager) refers to rt_event.o(i.os_evt_psh) for os_evt_psh
    rt_system.o(i.os_sys_manager) refers to rt_mailbox.o(i.os_mbx_psh) for os_mbx_psh
    rt_system.o(i.os_sys_manager) refers to rt_task.o(.data) for os_runtask
    rt_system.o(i.os_sys_manager) refers to rt_system.o(.data) for .data
    rt_system.o(i.os_sys_manager) refers to rt_time.o(.data) for os_time
    rt_system.o(i.os_sys_manager) refers to rtx_config.o(.bss) for os_fifo
    rt_system.o(i.os_sys_manager) refers to rt_list.o(.bss) for os_rdy
    rt_list.o(i.os_dec_dly) refers to rt_list.o(i.os_put_prio) for os_put_prio
    rt_list.o(i.os_dec_dly) refers to rt_list.o(.bss) for .bss
    rt_list.o(i.os_dec_dly) refers to rt_time.o(.data) for os_time
    rt_list.o(i.os_get_same_rdy_prio) refers to rt_list.o(.bss) for .bss
    rt_list.o(i.os_get_same_rdy_prio) refers to rt_task.o(.data) for os_runtask
    rt_list.o(i.os_psq_enq) refers to hal_arm.o(.emb_text) for _inc_qi
    rt_list.o(i.os_psq_enq) refers to rtx_config.o(.text) for os_error
    rt_list.o(i.os_psq_enq) refers to rtx_config.o(.bss) for os_fifo
    rt_list.o(i.os_put_dly) refers to rt_list.o(.bss) for .bss
    rt_list.o(i.os_put_rdy_first) refers to rt_list.o(.bss) for .bss
    rt_list.o(i.os_resort_prio) refers to rt_list.o(i.os_rmv_list) for os_rmv_list
    rt_list.o(i.os_resort_prio) refers to rt_list.o(i.os_put_prio) for os_put_prio
    rt_list.o(i.os_resort_prio) refers to rt_list.o(.bss) for .bss
    rt_list.o(i.os_rmv_list) refers to rt_list.o(.bss) for .bss
    rt_robin.o(i.os_chk_robin) refers to rt_list.o(i.os_get_first) for os_get_first
    rt_robin.o(i.os_chk_robin) refers to rt_list.o(i.os_put_prio) for os_put_prio
    rt_robin.o(i.os_chk_robin) refers to rt_robin.o(.data) for .data
    rt_robin.o(i.os_chk_robin) refers to rt_list.o(.bss) for os_rdy
    rt_robin.o(i.os_chk_robin) refers to rt_time.o(.data) for os_time
    rt_robin.o(i.os_init_robin) refers to rt_robin.o(.data) for .data
    rt_robin.o(i.os_init_robin) refers to rtx_config.o(.constdata) for os_rrobin
    swi_table.o(SWI_TABLE) refers to hal_arm.o(i.__SWI_0) for __SWI_0
    swi_table.o(SWI_TABLE) refers to rt_membox.o(i.__SWI_1) for __SWI_1
    swi_table.o(SWI_TABLE) refers to rt_membox.o(i.__SWI_2) for __SWI_2
    swi_table.o(SWI_TABLE) refers to hal_arm.o(i.__SWI_3) for __SWI_3
    swi_table.o(SWI_TABLE) refers to hal_arm.o(i.__SWI_4) for __SWI_4
    swi_table.o(SWI_TABLE) refers to rtx_config.o(.text) for __SWI_5
    swi_table.o(SWI_TABLE) refers to hal_arm.o(i.__SWI_6) for __SWI_6
    swi_table.o(SWI_TABLE) refers to hal_arm.o(i.__SWI_7) for __SWI_7
    rt_time.o(i.os_dly_wait) refers to rt_task.o(i.os_block) for os_block
    rt_time.o(i.os_dly_wait) refers to rtx_config.o(.text) for tsk_unlock
    rt_time.o(i.os_itv_set) refers to rt_task.o(.data) for os_runtask
    rt_time.o(i.os_itv_set) refers to rt_time.o(.data) for .data
    rt_time.o(i.os_itv_wait) refers to rt_task.o(i.os_block) for os_block
    rt_time.o(i.os_itv_wait) refers to rtx_config.o(.text) for tsk_unlock
    rt_time.o(i.os_itv_wait) refers to rt_task.o(.data) for os_runtask
    rt_time.o(i.os_itv_wait) refers to rt_time.o(.data) for .data
    rt_time.o(i.os_time_get) refers to rt_time.o(.data) for .data
    rt_mailbox.o(i.isr_mbx_receive) refers to rt_list.o(i.os_psq_enq) for os_psq_enq
    rt_mailbox.o(i.isr_mbx_receive) refers to rt_system.o(i.os_psh_req) for os_psh_req
    rt_mailbox.o(i.isr_mbx_send) refers to rt_list.o(i.os_psq_enq) for os_psq_enq
    rt_mailbox.o(i.isr_mbx_send) refers to rt_system.o(i.os_psh_req) for os_psh_req
    rt_mailbox.o(i.os_mbx_init) refers to rtx_config.o(.text) for tsk_unlock
    rt_mailbox.o(i.os_mbx_psh) refers to rt_list.o(i.os_get_first) for os_get_first
    rt_mailbox.o(i.os_mbx_psh) refers to rt_list.o(i.os_rmv_dly) for os_rmv_dly
    rt_mailbox.o(i.os_mbx_psh) refers to rt_list.o(i.os_put_prio) for os_put_prio
    rt_mailbox.o(i.os_mbx_psh) refers to rtx_config.o(.text) for os_error
    rt_mailbox.o(i.os_mbx_psh) refers to rt_list.o(.bss) for os_rdy
    rt_mailbox.o(i.os_mbx_send) refers to rt_list.o(i.os_put_prio) for os_put_prio
    rt_mailbox.o(i.os_mbx_send) refers to rt_list.o(i.os_get_first) for os_get_first
    rt_mailbox.o(i.os_mbx_send) refers to rt_list.o(i.os_rmv_dly) for os_rmv_dly
    rt_mailbox.o(i.os_mbx_send) refers to rt_task.o(i.os_dispatch) for os_dispatch
    rt_mailbox.o(i.os_mbx_send) refers to rt_task.o(i.os_block) for os_block
    rt_mailbox.o(i.os_mbx_send) refers to rtx_config.o(.text) for tsk_unlock
    rt_mailbox.o(i.os_mbx_send) refers to rt_task.o(.data) for os_runtask
    rt_mailbox.o(i.os_mbx_wait) refers to rt_list.o(i.os_get_first) for os_get_first
    rt_mailbox.o(i.os_mbx_wait) refers to rt_list.o(i.os_rmv_dly) for os_rmv_dly
    rt_mailbox.o(i.os_mbx_wait) refers to rt_task.o(i.os_dispatch) for os_dispatch
    rt_mailbox.o(i.os_mbx_wait) refers to rtx_config.o(.text) for tsk_unlock
    rt_mailbox.o(i.os_mbx_wait) refers to rt_list.o(i.os_put_prio) for os_put_prio
    rt_mailbox.o(i.os_mbx_wait) refers to rt_task.o(i.os_block) for os_block
    rt_mailbox.o(i.os_mbx_wait) refers to rt_task.o(.data) for os_runtask
    rt_semaphore.o(i.isr_sem_send) refers to rt_list.o(i.os_psq_enq) for os_psq_enq
    rt_semaphore.o(i.isr_sem_send) refers to rt_system.o(i.os_psh_req) for os_psh_req
    rt_semaphore.o(i.os_sem_init) refers to rtx_config.o(.text) for tsk_unlock
    rt_semaphore.o(i.os_sem_psh) refers to rt_list.o(i.os_get_first) for os_get_first
    rt_semaphore.o(i.os_sem_psh) refers to rt_list.o(i.os_rmv_dly) for os_rmv_dly
    rt_semaphore.o(i.os_sem_psh) refers to rt_list.o(i.os_put_prio) for os_put_prio
    rt_semaphore.o(i.os_sem_psh) refers to rt_list.o(.bss) for os_rdy
    rt_semaphore.o(i.os_sem_send) refers to rt_list.o(i.os_get_first) for os_get_first
    rt_semaphore.o(i.os_sem_send) refers to rt_list.o(i.os_rmv_dly) for os_rmv_dly
    rt_semaphore.o(i.os_sem_send) refers to rt_task.o(i.os_dispatch) for os_dispatch
    rt_semaphore.o(i.os_sem_send) refers to rtx_config.o(.text) for tsk_unlock
    rt_semaphore.o(i.os_sem_wait) refers to rtx_config.o(.text) for tsk_unlock
    rt_semaphore.o(i.os_sem_wait) refers to rt_list.o(i.os_put_prio) for os_put_prio
    rt_semaphore.o(i.os_sem_wait) refers to rt_task.o(i.os_block) for os_block
    rt_semaphore.o(i.os_sem_wait) refers to rt_task.o(.data) for os_runtask
    rt_timer.o(i.os_tmr_create) refers to rtx_config.o(.text) for tsk_unlock
    rt_timer.o(i.os_tmr_create) refers to rtx_config.o(.data) for m_tmr
    rt_timer.o(i.os_tmr_create) refers to rt_timer.o(.data) for .data
    rt_timer.o(i.os_tmr_kill) refers to rtx_config.o(.text) for tsk_unlock
    rt_timer.o(i.os_tmr_kill) refers to rt_timer.o(.data) for .data
    rt_timer.o(i.os_tmr_kill) refers to rtx_config.o(.data) for m_tmr
    rt_timer.o(i.os_tmr_tick) refers to rtx_config.o(.text) for os_tmr_call
    rt_timer.o(i.os_tmr_tick) refers to rt_timer.o(.data) for .data
    rt_timer.o(i.os_tmr_tick) refers to rtx_config.o(.data) for m_tmr
    ceil.o(i.__softfp_ceil) refers (Special) to iusefp.o(.text) for __I$use$fp
    ceil.o(i.__softfp_ceil) refers to ceil.o(i.ceil) for ceil
    ceil.o(i.ceil) refers (Special) to iusefp.o(.text) for __I$use$fp
    ceil.o(i.ceil) refers to dadd.o(.text) for __aeabi_dadd
    ceil.o(i.ceil) refers to cdrcmple.o(.text) for __aeabi_cdrcmple
    entry.o(.ARM.Collect$$$$00000000) refers (Special) to entry10a.o(.ARM.Collect$$$$0000000D) for __rt_final_cpp
    entry.o(.ARM.Collect$$$$00000000) refers (Special) to entry11a.o(.ARM.Collect$$$$0000000F) for __rt_final_exit
    entry.o(.ARM.Collect$$$$00000000) refers (Special) to entry7b.o(.ARM.Collect$$$$00000008) for _main_clock
    entry.o(.ARM.Collect$$$$00000000) refers (Special) to entry8b.o(.ARM.Collect$$$$0000000A) for _main_cpp_init
    entry.o(.ARM.Collect$$$$00000000) refers (Special) to entry9a.o(.ARM.Collect$$$$0000000B) for _main_init
    entry.o(.ARM.Collect$$$$00000000) refers (Special) to entry5.o(.ARM.Collect$$$$00000004) for _main_scatterload
    entry.o(.ARM.Collect$$$$00000000) refers (Special) to entry2.o(.ARM.Collect$$$$00000001) for _main_stk
    fadd.o(.text) refers (Special) to iusefp.o(.text) for __I$use$fp
    fadd.o(.text) refers to fepilogue.o(.text) for _float_epilogue
    fmul.o(.text) refers (Special) to iusefp.o(.text) for __I$use$fp
    fdiv.o(.text) refers (Special) to iusefp.o(.text) for __I$use$fp
    fdiv.o(.text) refers to fepilogue.o(.text) for _float_round
    fscalb.o(.text) refers (Special) to iusefp.o(.text) for __I$use$fp
    ffltui.o(.text) refers (Special) to iusefp.o(.text) for __I$use$fp
    ffltui.o(.text) refers to fepilogue.o(.text) for _float_epilogue
    ffixui.o(.text) refers (Special) to iusefp.o(.text) for __I$use$fp
    dfixui.o(.text) refers (Special) to iusefp.o(.text) for __I$use$fp
    dfixui.o(.text) refers to llushr.o(.text) for __aeabi_llsr
    f2d.o(.text) refers (Special) to iusefp.o(.text) for __I$use$fp
    entry2.o(.ARM.Collect$$$$00000001) refers to entry2.o(.ARM.Collect$$$$00002712) for __lit__00000000
    entry2.o(.ARM.Collect$$$$00002712) refers to lpc2300.o(STACK) for __initial_sp
    entry5.o(.ARM.Collect$$$$00000004) refers to init.o(.text) for __scatterload
    entry9a.o(.ARM.Collect$$$$0000000B) refers to speedcontrol.o(.text) for main
    entry9b.o(.ARM.Collect$$$$0000000C) refers to speedcontrol.o(.text) for main
    dadd.o(.text) refers to llshl.o(.text) for __aeabi_llsl
    dadd.o(.text) refers to llsshr.o(.text) for __aeabi_lasr
    dadd.o(.text) refers to depilogue.o(.text) for _double_epilogue
    init.o(.text) refers to init.o(i.__ARM_common_call_via_r3) for __ARM_common_call_via_r3
    init.o(.text) refers to entry5.o(.ARM.Collect$$$$00000004) for __main_after_scatterload
    depilogue.o(.text) refers to depilogue.o(i.__ARM_clz) for __ARM_clz
    depilogue.o(.text) refers to llshl.o(.text) for __aeabi_llsl
    depilogue.o(.text) refers to llushr.o(.text) for __aeabi_llsr


==============================================================================

Removing Unused input sections from the image.

    Removing lpc2300.o(HEAP), (0 bytes).
    Removing rt_task.o(i.os_tsk_create_ex0), (12 bytes).
    Removing rt_task.o(i.os_tsk_pass), (52 bytes).
    Removing rt_task.o(i.os_tsk_prio), (144 bytes).
    Removing rt_task.o(i.os_tsk_self), (16 bytes).
    Removing rt_event.o(i.os_evt_clr), (40 bytes).
    Removing rt_event.o(i.os_evt_get), (12 bytes).
    Removing rt_event.o(i.os_evt_set), (100 bytes).
    Removing rt_system.o(.emb_text), (0 bytes).
    Removing rt_system.o(i.os_resume), (168 bytes).
    Removing rt_system.o(i.os_suspend), (52 bytes).
    Removing rt_list.o(i.os_get_same_rdy_prio), (36 bytes).
    Removing rt_list.o(i.os_resort_prio), (52 bytes).
    Removing rt_membox.o(i._calloc_box), (34 bytes).
    Removing rt_time.o(i.os_dly_wait), (24 bytes).
    Removing rt_time.o(i.os_itv_set), (24 bytes).
    Removing rt_time.o(i.os_itv_wait), (56 bytes).
    Removing rt_time.o(i.os_time_get), (12 bytes).
    Removing rt_mailbox.o(i.isr_mbx_receive), (76 bytes).
    Removing rt_mailbox.o(i.isr_mbx_send), (16 bytes).
    Removing rt_mailbox.o(i.os_mbx_check), (8 bytes).
    Removing rt_mailbox.o(i.os_mbx_init), (48 bytes).
    Removing rt_mailbox.o(i.os_mbx_send), (164 bytes).
    Removing rt_mailbox.o(i.os_mbx_wait), (160 bytes).
    Removing rt_semaphore.o(i.isr_sem_send), (18 bytes).
    Removing rt_semaphore.o(i.os_sem_init), (28 bytes).
    Removing rt_semaphore.o(i.os_sem_send), (58 bytes).
    Removing rt_semaphore.o(i.os_sem_wait), (96 bytes).
    Removing rt_timer.o(i.os_tmr_create), (92 bytes).
    Removing rt_timer.o(i.os_tmr_kill), (72 bytes).

30 unused section(s) (total 1670 bytes) removed from the image.

==============================================================================

Adding Veneers to the image

    Adding AT veneer (8 bytes, Inline) for call to 'LED_On' from timersinterrupts.o(.text).
    Adding AT veneer (8 bytes, Inline) for call to '__aeabi_dadd' from ceil.o(i.ceil).
    Adding AT veneer (8 bytes, Inline) for call to '__aeabi_cdrcmple' from ceil.o(i.ceil).
    Adding AT veneer (8 bytes, Inline) for call to '__scatterload' from entry5.o(.ARM.Collect$$$$00000004).
    Adding AT veneer (12 bytes, Long) for call to 'LED_Off' from timersinterrupts.o(.text).
    Adding TA veneer (8 bytes, Short) for call to '__main_after_scatterload' from init.o(.text).
    Adding AT veneer (12 bytes, Long) for call to '__aeabi_drsub' from ceil.o(i.ceil).
    Adding TA veneer (4 bytes, Inline) for call to 'ceil' from speedcontrol.o(.text).
    Adding AT veneer (8 bytes, Inline) for call to 'isr_evt_set' from timersinterrupts.o(.text).

9 Veneer(s) (total 76 bytes) added to the image.

==============================================================================

Image Symbol Table

    Local Symbols

    Symbol Name                              Value     Ov Type        Size  Object(Section)

    RESET                                    0x00000000   Section      352  lpc2300.o(RESET)
    ../clib/microlib/division.c              0x00000000   Number         0  uidiv.o ABSOLUTE
    ../clib/microlib/init/entry.s            0x00000000   Number         0  entry10a.o ABSOLUTE
    ../clib/microlib/init/entry.s            0x00000000   Number         0  entry9b.o ABSOLUTE
    ../clib/microlib/init/entry.s            0x00000000   Number         0  entry9a.o ABSOLUTE
    ../clib/microlib/init/entry.s            0x00000000   Number         0  entry8b.o ABSOLUTE
    ../clib/microlib/init/entry.s            0x00000000   Number         0  entry8a.o ABSOLUTE
    ../clib/microlib/init/entry.s            0x00000000   Number         0  entry11b.o ABSOLUTE
    ../clib/microlib/init/entry.s            0x00000000   Number         0  entry7b.o ABSOLUTE
    ../clib/microlib/init/entry.s            0x00000000   Number         0  entry7a.o ABSOLUTE
    ../clib/microlib/init/entry.s            0x00000000   Number         0  entry5.o ABSOLUTE
    ../clib/microlib/init/entry.s            0x00000000   Number         0  entry2.o ABSOLUTE
    ../clib/microlib/init/entry.s            0x00000000   Number         0  entry.o ABSOLUTE
    ../clib/microlib/init/entry.s            0x00000000   Number         0  entry11a.o ABSOLUTE
    ../clib/microlib/init/entry.s            0x00000000   Number         0  entry10b.o ABSOLUTE
    ../clib/microlib/longlong.c              0x00000000   Number         0  llsshr.o ABSOLUTE
    ../clib/microlib/longlong.c              0x00000000   Number         0  llshl.o ABSOLUTE
    ../clib/microlib/longlong.c              0x00000000   Number         0  llushr.o ABSOLUTE
    ../clib/microlib/stubs.s                 0x00000000   Number         0  iusefp.o ABSOLUTE
    ../fplib/microlib/f2d.c                  0x00000000   Number         0  f2d.o ABSOLUTE
    ../fplib/microlib/fpadd.c                0x00000000   Number         0  dadd.o ABSOLUTE
    ../fplib/microlib/fpadd.c                0x00000000   Number         0  fadd.o ABSOLUTE
    ../fplib/microlib/fpdiv.c                0x00000000   Number         0  fdiv.o ABSOLUTE
    ../fplib/microlib/fpepilogue.c           0x00000000   Number         0  depilogue.o ABSOLUTE
    ../fplib/microlib/fpepilogue.c           0x00000000   Number         0  fepilogue.o ABSOLUTE
    ../fplib/microlib/fpfix.c                0x00000000   Number         0  dfixui.o ABSOLUTE
    ../fplib/microlib/fpfix.c                0x00000000   Number         0  ffixui.o ABSOLUTE
    ../fplib/microlib/fpflt.c                0x00000000   Number         0  ffltui.o ABSOLUTE
    ../fplib/microlib/fpmul.c                0x00000000   Number         0  fmul.o ABSOLUTE
    ../fplib/microlib/fpscalb.c              0x00000000   Number         0  fscalb.o ABSOLUTE
    ../mathlib/ceil.c                        0x00000000   Number         0  ceil.o ABSOLUTE
    LPC2300.s                                0x00000000   Number         0  lpc2300.o ABSOLUTE
    PulseControl.c                           0x00000000   Number         0  pulsecontrol.o ABSOLUTE
    RTX_Config.c                             0x00000000   Number         0  rtx_config.o ABSOLUTE
    SRC\ARM\HAL_ARM.c                        0x00000000   Number         0  hal_arm.o ABSOLUTE
    SRC\ARM\SWI_Table.s                      0x00000000   Number         0  swi_table.o ABSOLUTE
    SRC\ARM\rt_Event.c                       0x00000000   Number         0  rt_event.o ABSOLUTE
    SRC\ARM\rt_List.c                        0x00000000   Number         0  rt_list.o ABSOLUTE
    SRC\ARM\rt_Mailbox.c                     0x00000000   Number         0  rt_mailbox.o ABSOLUTE
    SRC\ARM\rt_MemBox.c                      0x00000000   Number         0  rt_membox.o ABSOLUTE
    SRC\ARM\rt_Robin.c                       0x00000000   Number         0  rt_robin.o ABSOLUTE
    SRC\ARM\rt_Semaphore.c                   0x00000000   Number         0  rt_semaphore.o ABSOLUTE
    SRC\ARM\rt_System.c                      0x00000000   Number         0  rt_system.o ABSOLUTE
    SRC\ARM\rt_Task.c                        0x00000000   Number         0  rt_task.o ABSOLUTE
    SRC\ARM\rt_Time.c                        0x00000000   Number         0  rt_time.o ABSOLUTE
    SRC\ARM\rt_Timer.c                       0x00000000   Number         0  rt_timer.o ABSOLUTE
    SRC\\ARM\\HAL_ARM.c                      0x00000000   Number         0  hal_arm.o ABSOLUTE
    SRC\\ARM\\rt_System.c                    0x00000000   Number         0  rt_system.o ABSOLUTE
    Serial.c                                 0x00000000   Number         0  serial.o ABSOLUTE
    SpeedControl.c                           0x00000000   Number         0  speedcontrol.o ABSOLUTE
    TimersInterrupts.c                       0x00000000   Number         0  timersinterrupts.o ABSOLUTE
    TimersSeup.c                             0x00000000   Number         0  timersseup.o ABSOLUTE
    cdrcmple.s                               0x00000000   Number         0  cdrcmple.o ABSOLUTE
    dc.s                                     0x00000000   Number         0  dc.o ABSOLUTE
    handlers.s                               0x00000000   Number         0  handlers.o ABSOLUTE
    init.s                                   0x00000000   Number         0  init.o ABSOLUTE
    motor.c                                  0x00000000   Number         0  motor.o ABSOLUTE
    Undef_Handler                            0x00000040   ARM Code       4  lpc2300.o(RESET)
    PAbt_Handler                             0x00000044   ARM Code       4  lpc2300.o(RESET)
    DAbt_Handler                             0x00000048   ARM Code       4  lpc2300.o(RESET)
    IRQ_Handler                              0x0000004c   ARM Code       4  lpc2300.o(RESET)
    FIQ_Handler                              0x00000050   ARM Code       4  lpc2300.o(RESET)
    .ARM.Collect$$$$00000000                 0x00000160   Section        0  entry.o(.ARM.Collect$$$$00000000)
    .ARM.Collect$$$$00000001                 0x00000160   Section        4  entry2.o(.ARM.Collect$$$$00000001)
    .ARM.Collect$$$$00000004                 0x00000164   Section        4  entry5.o(.ARM.Collect$$$$00000004)
    .ARM.Collect$$$$00000008                 0x00000168   Section        0  entry7b.o(.ARM.Collect$$$$00000008)
    .ARM.Collect$$$$0000000A                 0x00000168   Section        0  entry8b.o(.ARM.Collect$$$$0000000A)
    .ARM.Collect$$$$0000000B                 0x00000168   Section       12  entry9a.o(.ARM.Collect$$$$0000000B)
    .ARM.Collect$$$$0000000D                 0x00000174   Section        0  entry10a.o(.ARM.Collect$$$$0000000D)
    .ARM.Collect$$$$0000000F                 0x00000174   Section        0  entry11a.o(.ARM.Collect$$$$0000000F)
    .ARM.Collect$$$$00002712                 0x00000174   Section        4  entry2.o(.ARM.Collect$$$$00002712)
    __lit__00000000                          0x00000174   Data           4  entry2.o(.ARM.Collect$$$$00002712)
    .emb_text                                0x00000178   Section      516  hal_arm.o(.emb_text)
    Switch_task                              0x000002f4   ARM Code       0  hal_arm.o(.emb_text)
    .text                                    0x0000037c   Section        0  speedcontrol.o(.text)
    .text                                    0x00000660   Section        0  motor.o(.text)
    .text                                    0x0000099c   Section        0  serial.o(.text)
    .text                                    0x00000a30   Section        0  timersseup.o(.text)
    .text                                    0x00000aa8   Section        0  timersinterrupts.o(.text)
    .text                                    0x00000bc0   Section        0  pulsecontrol.o(.text)
    .text                                    0x00000bec   Section        0  rtx_config.o(.text)
    .text                                    0x00000c70   Section        0  uidiv.o(.text)
    .text                                    0x00000c9e   Section        0  fadd.o(.text)
    .text                                    0x00000d58   Section        0  fmul.o(.text)
    .text                                    0x00000dd6   Section        0  fdiv.o(.text)
    .text                                    0x00000e56   Section        0  fscalb.o(.text)
    .text                                    0x00000e6e   Section        0  ffltui.o(.text)
    .text                                    0x00000e80   Section        0  ffixui.o(.text)
    .text                                    0x00000ea8   Section        0  dfixui.o(.text)
    .text                                    0x00000ee8   Section        0  f2d.o(.text)
    .text                                    0x00000f10   Section        0  llushr.o(.text)
    .text                                    0x00000f34   Section        0  fepilogue.o(.text)
    .text                                    0x00000f34   Section        0  iusefp.o(.text)
    .text                                    0x00000fc0   Section        0  dadd.o(.text)
    .text                                    0x00001130   Section       40  cdrcmple.o(.text)
    .text                                    0x00001160   Section       32  init.o(.text)
    .text                                    0x00001180   Section        0  llshl.o(.text)
    .text                                    0x000011a2   Section        0  llsshr.o(.text)
    .text                                    0x000011ca   Section        0  depilogue.o(.text)
    SWI_TABLE                                0x00001290   Section       36  swi_table.o(SWI_TABLE)
    i.__ARM_clz                              0x000012d4   Section        0  depilogue.o(i.__ARM_clz)
    i.__ARM_common_call_via_r3               0x00001302   Section        2  init.o(i.__ARM_common_call_via_r3)
    i.__SWI_0                                0x00001304   Section        0  hal_arm.o(i.__SWI_0)
    i.__SWI_1                                0x00001338   Section        0  rt_membox.o(i.__SWI_1)
    i.__SWI_2                                0x00001346   Section        0  rt_membox.o(i.__SWI_2)
    i.__SWI_3                                0x0000135e   Section        0  hal_arm.o(i.__SWI_3)
    i.__SWI_4                                0x00001366   Section        0  hal_arm.o(i.__SWI_4)
    i.__SWI_6                                0x0000136e   Section        0  hal_arm.o(i.__SWI_6)
    i.__SWI_7                                0x00001370   Section        0  hal_arm.o(i.__SWI_7)
    i.__scatterload_copy                     0x00001374   Section       28  handlers.o(i.__scatterload_copy)
    i.__scatterload_null                     0x00001390   Section        4  handlers.o(i.__scatterload_null)
    i.__scatterload_zeroinit                 0x00001394   Section       24  handlers.o(i.__scatterload_zeroinit)
    i._init_box                              0x000013ac   Section        0  rt_membox.o(i._init_box)
    i.ceil                                   0x000013fc   Section        0  ceil.o(i.ceil)
    i.isr_evt_set                            0x00001554   Section        0  rt_event.o(i.isr_evt_set)
    i.os_block                               0x0000157c   Section        0  rt_task.o(i.os_block)
    i.os_chk_robin                           0x000015c4   Section        0  rt_robin.o(i.os_chk_robin)
    i.os_dec_dly                             0x0000160c   Section        0  rt_list.o(i.os_dec_dly)
    i.os_dispatch                            0x00001688   Section        0  rt_task.o(i.os_dispatch)
    i.os_evt_psh                             0x000016cc   Section        0  rt_event.o(i.os_evt_psh)
    i.os_evt_wait                            0x0000171c   Section        0  rt_event.o(i.os_evt_wait)
    i.os_get_first                           0x0000177c   Section        0  rt_list.o(i.os_get_first)
    i.os_init_context                        0x000017a8   Section        0  rt_task.o(i.os_init_context)
    os_init_context                          0x000017a9   Thumb Code    70  rt_task.o(i.os_init_context)
    i.os_init_robin                          0x000017f4   Section        0  rt_robin.o(i.os_init_robin)
    i.os_init_stack                          0x0000180c   Section        0  hal_arm.o(i.os_init_stack)
    i.os_mbx_psh                             0x00001880   Section        0  rt_mailbox.o(i.os_mbx_psh)
    i.os_psh_req                             0x00001910   Section        0  rt_system.o(i.os_psh_req)
    i.os_psq_enq                             0x00001944   Section        0  rt_list.o(i.os_psq_enq)
    i.os_put_dly                             0x00001978   Section        0  rt_list.o(i.os_put_dly)
    i.os_put_prio                            0x000019c8   Section        0  rt_list.o(i.os_put_prio)
    i.os_put_rdy_first                       0x00001a08   Section        0  rt_list.o(i.os_put_rdy_first)
    i.os_rmv_dly                             0x00001a1c   Section        0  rt_list.o(i.os_rmv_dly)
    i.os_rmv_list                            0x00001a48   Section        0  rt_list.o(i.os_rmv_list)
    i.os_sem_psh                             0x00001a7c   Section        0  rt_semaphore.o(i.os_sem_psh)
    i.os_stk_check                           0x00001ab4   Section        0  hal_arm.o(i.os_stk_check)
    i.os_sys_init1                           0x00001ae4   Section        0  rt_task.o(i.os_sys_init1)
    i.os_sys_manager                         0x00001bcc   Section        0  rt_system.o(i.os_sys_manager)
    i.os_tmr_tick                            0x00001c98   Section        0  rt_timer.o(i.os_tmr_tick)
    i.os_tsk_create0                         0x00001cdc   Section        0  rt_task.o(i.os_tsk_create0)
    i.os_tsk_delete                          0x00001d6c   Section        0  rt_task.o(i.os_tsk_delete)
    .constdata                               0x00001ebc   Section       11  serial.o(.constdata)
    dec                                      0x00001ebc   Data          11  serial.o(.constdata)
    .constdata                               0x00001ec8   Section        2  rtx_config.o(.constdata)
    .constdata                               0x00001ecc   Section        4  rtx_config.o(.constdata)
    .constdata                               0x00001ed0   Section        4  rtx_config.o(.constdata)
    .constdata                               0x00001ed4   Section        8  rtx_config.o(.constdata)
    __tagsym$$used                           0x00001ed4   Number         0  rtx_config.o(.constdata)
    __tagsym$$used                           0x00001ed8   Number         0  rtx_config.o(.constdata)
    .constdata                               0x00001edc   Section        2  rtx_config.o(.constdata)
    .constdata                               0x00001ee0   Section        4  rtx_config.o(.constdata)
    .constdata                               0x00001ee4   Section        1  rtx_config.o(.constdata)
    .constdata                               0x00001ee6   Section        2  rtx_config.o(.constdata)
    .constdata                               0x00001ee8   Section        4  rt_system.o(.constdata)
    __tagsym$$used                           0x00001ee8   Number         0  rt_system.o(.constdata)
    .data                                    0x40000000   Section       68  speedcontrol.o(.data)
    .data                                    0x40000044   Section        4  speedcontrol.o(.data)
    .data                                    0x40000048   Section        4  speedcontrol.o(.data)
    .data                                    0x4000004c   Section        4  speedcontrol.o(.data)
    .data                                    0x40000050   Section        4  speedcontrol.o(.data)
    .data                                    0x40000054   Section        4  speedcontrol.o(.data)
    .data                                    0x40000058   Section        4  speedcontrol.o(.data)
    .data                                    0x4000005c   Section        4  speedcontrol.o(.data)
    .data                                    0x40000060   Section        4  speedcontrol.o(.data)
    .data                                    0x40000064   Section        4  rtx_config.o(.data)
    .data                                    0x40000068   Section        4  rt_task.o(.data)
    .data                                    0x4000006c   Section        4  hal_arm.o(.data)
    .data                                    0x40000070   Section        1  hal_arm.o(.data)
    .data                                    0x40000074   Section        8  rt_system.o(.data)
    .data                                    0x4000007c   Section        8  rt_robin.o(.data)
    .data                                    0x40000084   Section        4  rt_time.o(.data)
    .data                                    0x40000088   Section        8  rt_timer.o(.data)
    .bss                                     0x40000090   Section      404  rtx_config.o(.bss)
    .bss                                     0x40000228   Section     1416  rtx_config.o(.bss)
    .bss                                     0x400007b0   Section      132  rtx_config.o(.bss)
    .bss                                     0x40000834   Section       28  rtx_config.o(.bss)
    .bss                                     0x40000850   Section       56  rt_task.o(.bss)
    .bss                                     0x40000888   Section       48  rt_list.o(.bss)
    STACK                                    0x400008b8   Section      240  lpc2300.o(STACK)
    Stack_Top                                0x400009a8   Data           0  lpc2300.o(STACK)

    Global Symbols

    Symbol Name                              Value     Ov Type        Size  Object(Section)

    BuildAttributes$$THM_ISAv1$ARM_ISAv4$S$PE$A:L22$X:L11$S22$IEEE1$IW$USESV6$~STKCKD$USESV7$~SHL$OTIME$ROPI$IEEEJ$EBA8$MICROLIB$REQ8$EABIv2 0x00000000   Number         0  anon$$obj.o ABSOLUTE
    __ARM_use_no_argv                        0x00000000   Number         0  speedcontrol.o ABSOLUTE
    __cpp_initialize__aeabi_                  - Undefined Weak Reference
    __cxa_finalize                            - Undefined Weak Reference
    __decompress                              - Undefined Weak Reference
    _clock_init                               - Undefined Weak Reference
    _microlib_exit                            - Undefined Weak Reference
    os_tmr_reload                             - Undefined Weak Reference
    rt_init                                   - Undefined Weak Reference
    rt_notify                                 - Undefined Weak Reference
    rt_post_taskswitch                        - Undefined Weak Reference
    Reset_Handler                            0x00000054   ARM Code       0  lpc2300.o(RESET)
    __main                                   0x00000160   ARM Code       0  entry.o(.ARM.Collect$$$$00000000)
    _main_stk                                0x00000160   ARM Code       0  entry2.o(.ARM.Collect$$$$00000001)
    _main_scatterload                        0x00000164   ARM Code       0  entry5.o(.ARM.Collect$$$$00000004)
    __main_after_scatterload                 0x00000168   ARM Code       0  entry5.o(.ARM.Collect$$$$00000004)
    _main_clock                              0x00000168   ARM Code       0  entry7b.o(.ARM.Collect$$$$00000008)
    _main_cpp_init                           0x00000168   ARM Code       0  entry8b.o(.ARM.Collect$$$$0000000A)
    _main_init                               0x00000168   ARM Code       0  entry9a.o(.ARM.Collect$$$$0000000B)
    __rt_final_cpp                           0x00000174   ARM Code       0  entry10a.o(.ARM.Collect$$$$0000000D)
    __rt_final_exit                          0x00000174   ARM Code       0  entry11a.o(.ARM.Collect$$$$0000000F)
    _inc_qi                                  0x00000179   Thumb Code    60  hal_arm.o(.emb_text)
    _dec_qc                                  0x000001b5   Thumb Code    32  hal_arm.o(.emb_text)
    os_set_env                               0x000001d5   Thumb Code     8  hal_arm.o(.emb_text)
    os_sys_init0                             0x000001dd   Thumb Code    32  hal_arm.o(.emb_text)
    os_sys_run                               0x00000209   Thumb Code    16  hal_arm.o(.emb_text)
    os_clock_interrupt                       0x0000021c   ARM Code     128  hal_arm.o(.emb_text)
    os_sys_manager_ret                       0x00000289   Thumb Code     0  hal_arm.o(.emb_text)
    SWI_Handler                              0x000002b0   ARM Code     196  hal_arm.o(.emb_text)
    os_switch_tasks_ret                      0x000002ed   Thumb Code     0  hal_arm.o(.emb_text)
    fastsqrt                                 0x0000037d   Thumb Code    12  speedcontrol.o(.text)
    MCalculate_C0                            0x00000389   Thumb Code    48  speedcontrol.o(.text)
    MCalculate_CnUp                          0x000003b9   Thumb Code    50  speedcontrol.o(.text)
    Calculate_PluseDelay                     0x000003eb   Thumb Code    34  speedcontrol.o(.text)
    MCalculate_CnDwn                         0x0000040d   Thumb Code    50  speedcontrol.o(.text)
    SMotor1                                  0x0000043f   Thumb Code   122  speedcontrol.o(.text)
    __RL_RTX_VER                             0x00000474   Number         0  rt_system.o ABSOLUTE
    SMotor2                                  0x000004b9   Thumb Code   124  speedcontrol.o(.text)
    SMotor3                                  0x00000535   Thumb Code   126  speedcontrol.o(.text)
    init                                     0x000005b3   Thumb Code    80  speedcontrol.o(.text)
    main                                     0x00000603   Thumb Code    32  speedcontrol.o(.text)
    motors_parameters_init                   0x00000661   Thumb Code    86  motor.o(.text)
    motors_calculations                      0x000006b7   Thumb Code   632  motor.o(.text)
    serial_init                              0x0000099d   Thumb Code    46  serial.o(.text)
    sendchar                                 0x000009cb   Thumb Code    12  serial.o(.text)
    SendInteger                              0x000009d7   Thumb Code    74  serial.o(.text)
    Timer0_Int                               0x00000a31   Thumb Code    26  timersseup.o(.text)
    Timer1_Int                               0x00000a4b   Thumb Code    26  timersseup.o(.text)
    Timer2_Int                               0x00000a65   Thumb Code    32  timersseup.o(.text)
    T0_IRQHandler                            0x00000aa8   ARM Code      80  timersinterrupts.o(.text)
    T1_IRQHandler                            0x00000af8   ARM Code      80  timersinterrupts.o(.text)
    T2_IRQHandler                            0x00000b48   ARM Code      80  timersinterrupts.o(.text)
    Inline ARM to Thumb Veneer to LED_On     0x00000bb8   ARM Code       8  pulsecontrol.o(.text)
    LED_Init                                 0x00000bc1   Thumb Code    16  pulsecontrol.o(.text)
    LED_On                                   0x00000bd1   Thumb Code    10  pulsecontrol.o(.text)
    LED_Off                                  0x00000bdb   Thumb Code    10  pulsecontrol.o(.text)
    os_idle_demon                            0x00000bed   Thumb Code     2  rtx_config.o(.text)
    os_tmr_call                              0x00000bef   Thumb Code     2  rtx_config.o(.text)
    os_error                                 0x00000bf1   Thumb Code     2  rtx_config.o(.text)
    os_tmr_init                              0x00000bf3   Thumb Code    34  rtx_config.o(.text)
    os_tmr_force_irq                         0x00000c15   Thumb Code    10  rtx_config.o(.text)
    os_tmr_inspect_cnt                       0x00000c1f   Thumb Code     6  rtx_config.o(.text)
    os_tmr_inspect_ovf                       0x00000c25   Thumb Code    10  rtx_config.o(.text)
    os_irq_ack_lock                          0x00000c2f   Thumb Code    22  rtx_config.o(.text)
    __SWI_5                                  0x00000c45   Thumb Code    10  rtx_config.o(.text)
    tsk_unlock                               0x00000c4f   Thumb Code    10  rtx_config.o(.text)
    __aeabi_uidiv                            0x00000c71   Thumb Code     0  uidiv.o(.text)
    __aeabi_uidivmod                         0x00000c71   Thumb Code    46  uidiv.o(.text)
    __aeabi_fadd                             0x00000c9f   Thumb Code   170  fadd.o(.text)
    __aeabi_fsub                             0x00000d49   Thumb Code     8  fadd.o(.text)
    __aeabi_frsub                            0x00000d51   Thumb Code     8  fadd.o(.text)
    __aeabi_fmul                             0x00000d59   Thumb Code   126  fmul.o(.text)
    __aeabi_fdiv                             0x00000dd7   Thumb Code   128  fdiv.o(.text)
    __ARM_scalbnf                            0x00000e57   Thumb Code    24  fscalb.o(.text)
    scalbnf                                  0x00000e57   Thumb Code     0  fscalb.o(.text)
    __aeabi_ui2f                             0x00000e6f   Thumb Code    18  ffltui.o(.text)
    __aeabi_f2uiz                            0x00000e81   Thumb Code    40  ffixui.o(.text)
    __aeabi_d2uiz                            0x00000ea9   Thumb Code    54  dfixui.o(.text)
    __aeabi_f2d                              0x00000ee9   Thumb Code    40  f2d.o(.text)
    __aeabi_llsr                             0x00000f11   Thumb Code    36  llushr.o(.text)
    _ll_ushift_r                             0x00000f11   Thumb Code     0  llushr.o(.text)
    __I$use$fp                               0x00000f34   ARM Code       0  iusefp.o(.text)
    _float_round                             0x00000f35   Thumb Code    16  fepilogue.o(.text)
    _float_epilogue                          0x00000f45   Thumb Code   114  fepilogue.o(.text)
    Inline ARM to Thumb Veneer to __aeabi_dadd 0x00000fb8   ARM Code       8  dadd.o(.text)
    __aeabi_dadd                             0x00000fc1   Thumb Code   332  dadd.o(.text)
    __aeabi_dsub                             0x0000110d   Thumb Code    12  dadd.o(.text)
    __aeabi_drsub                            0x00001119   Thumb Code    12  dadd.o(.text)
    Inline ARM to Thumb Veneer to __aeabi_cdrcmple 0x00001128   ARM Code       8  cdrcmple.o(.text)
    __aeabi_cdrcmple                         0x00001131   Thumb Code    40  cdrcmple.o(.text)
    Inline ARM to Thumb Veneer to __scatterload 0x00001158   ARM Code       8  init.o(.text)
    __scatterload                            0x00001161   Thumb Code    24  init.o(.text)
    __scatterload_rt2                        0x00001161   Thumb Code     0  init.o(.text)
    __aeabi_llsl                             0x00001181   Thumb Code    34  llshl.o(.text)
    _ll_shift_l                              0x00001181   Thumb Code     0  llshl.o(.text)
    __aeabi_lasr                             0x000011a3   Thumb Code    40  llsshr.o(.text)
    _ll_sshift_r                             0x000011a3   Thumb Code     0  llsshr.o(.text)
    _double_round                            0x000011cb   Thumb Code    28  depilogue.o(.text)
    _double_epilogue                         0x000011e7   Thumb Code   168  depilogue.o(.text)
    SWI_Count                                0x00001290   Data           4  swi_table.o(SWI_TABLE)
    SWI_Table                                0x00001294   Data           0  swi_table.o(SWI_TABLE)
    Long ARM to Thumb Veneer to LED_Off      0x000012b4   ARM Code      12  anon$$obj.o(Veneer$$Code)
    Short Thumb to ARM Veneer to __main_after_scatterload 0x000012c1   Thumb Code     8  anon$$obj.o(Veneer$$Code)
    Long ARM to Thumb Veneer to __aeabi_drsub 0x000012c8   ARM Code      12  anon$$obj.o(Veneer$$Code)
    __ARM_clz                                0x000012d5   Thumb Code    46  depilogue.o(i.__ARM_clz)
    __ARM_common_call_via_r3                 0x00001303   Thumb Code     2  init.o(i.__ARM_common_call_via_r3)
    __SWI_0                                  0x00001305   Thumb Code    46  hal_arm.o(i.__SWI_0)
    __SWI_1                                  0x00001339   Thumb Code    14  rt_membox.o(i.__SWI_1)
    __SWI_2                                  0x00001347   Thumb Code    24  rt_membox.o(i.__SWI_2)
    __SWI_3                                  0x0000135f   Thumb Code     8  hal_arm.o(i.__SWI_3)
    __SWI_4                                  0x00001367   Thumb Code     8  hal_arm.o(i.__SWI_4)
    __SWI_6                                  0x0000136f   Thumb Code     2  hal_arm.o(i.__SWI_6)
    __SWI_7                                  0x00001371   Thumb Code     2  hal_arm.o(i.__SWI_7)
    __scatterload_copy                       0x00001374   ARM Code      28  handlers.o(i.__scatterload_copy)
    __scatterload_null                       0x00001390   ARM Code       4  handlers.o(i.__scatterload_null)
    __scatterload_zeroinit                   0x00001394   ARM Code      24  handlers.o(i.__scatterload_zeroinit)
    _init_box                                0x000013ad   Thumb Code    74  rt_membox.o(i._init_box)
    Inline Thumb to ARM Veneer to ceil       0x000013f9   Thumb Code     4  ceil.o(i.ceil)
    ceil                                     0x000013fc   ARM Code     328  ceil.o(i.ceil)
    Inline ARM to Thumb Veneer to isr_evt_set 0x0000154c   ARM Code       8  rt_event.o(i.isr_evt_set)
    isr_evt_set                              0x00001555   Thumb Code    34  rt_event.o(i.isr_evt_set)
    os_block                                 0x0000157d   Thumb Code    58  rt_task.o(i.os_block)
    os_chk_robin                             0x000015c5   Thumb Code    60  rt_robin.o(i.os_chk_robin)
    os_dec_dly                               0x0000160d   Thumb Code   116  rt_list.o(i.os_dec_dly)
    os_dispatch                              0x00001689   Thumb Code    60  rt_task.o(i.os_dispatch)
    os_evt_psh                               0x000016cd   Thumb Code    74  rt_event.o(i.os_evt_psh)
    os_evt_wait                              0x0000171d   Thumb Code    90  rt_event.o(i.os_evt_wait)
    os_get_first                             0x0000177d   Thumb Code    42  rt_list.o(i.os_get_first)
    os_init_robin                            0x000017f5   Thumb Code    16  rt_robin.o(i.os_init_robin)
    os_init_stack                            0x0000180d   Thumb Code   100  hal_arm.o(i.os_init_stack)
    os_mbx_psh                               0x00001881   Thumb Code   140  rt_mailbox.o(i.os_mbx_psh)
    os_psh_req                               0x00001911   Thumb Code    46  rt_system.o(i.os_psh_req)
    os_psq_enq                               0x00001945   Thumb Code    46  rt_list.o(i.os_psq_enq)
    os_put_dly                               0x00001979   Thumb Code    76  rt_list.o(i.os_put_dly)
    os_put_prio                              0x000019c9   Thumb Code    62  rt_list.o(i.os_put_prio)
    os_put_rdy_first                         0x00001a09   Thumb Code    14  rt_list.o(i.os_put_rdy_first)
    os_rmv_dly                               0x00001a1d   Thumb Code    44  rt_list.o(i.os_rmv_dly)
    os_rmv_list                              0x00001a49   Thumb Code    46  rt_list.o(i.os_rmv_list)
    os_sem_psh                               0x00001a7d   Thumb Code    50  rt_semaphore.o(i.os_sem_psh)
    os_stk_check                             0x00001ab5   Thumb Code    38  hal_arm.o(i.os_stk_check)
    os_sys_init1                             0x00001ae5   Thumb Code   162  rt_task.o(i.os_sys_init1)
    os_sys_manager                           0x00001bcd   Thumb Code   184  rt_system.o(i.os_sys_manager)
    os_tmr_tick                              0x00001c99   Thumb Code    58  rt_timer.o(i.os_tmr_tick)
    os_tsk_create0                           0x00001cdd   Thumb Code   130  rt_task.o(i.os_tsk_create0)
    os_tsk_delete                            0x00001d6d   Thumb Code   312  rt_task.o(i.os_tsk_delete)
    os_maxtaskrun                            0x00001ec8   Data           2  rtx_config.o(.constdata)
    os_stackinfo                             0x00001ecc   Data           4  rtx_config.o(.constdata)
    os_rrobin                                0x00001ed0   Data           4  rtx_config.o(.constdata)
    os_clockrate                             0x00001ed4   Data           4  rtx_config.o(.constdata)
    os_timernum                              0x00001ed8   Data           4  rtx_config.o(.constdata)
    mp_tcb_size                              0x00001edc   Data           2  rtx_config.o(.constdata)
    mp_stk_size                              0x00001ee0   Data           4  rtx_config.o(.constdata)
    os_fifo_size                             0x00001ee4   Data           1  rtx_config.o(.constdata)
    mp_tmr_size                              0x00001ee6   Data           2  rtx_config.o(.constdata)
    RL_RTX_Version                           0x00001ee8   Data           4  rt_system.o(.constdata)
    Region$$Table$$Base                      0x00001eec   Number         0  anon$$obj.o(Region$$Table)
    Region$$Table$$Limit                     0x00001f0c   Number         0  anon$$obj.o(Region$$Table)
    M1SegmentA1                              0x40000000   Data           4  speedcontrol.o(.data)
    M1SegmentB1                              0x40000004   Data           4  speedcontrol.o(.data)
    M1total_steps                            0x40000008   Data           4  speedcontrol.o(.data)
    M1StepAngle                              0x4000000c   Data           4  speedcontrol.o(.data)
    M1Acceleration                           0x40000010   Data           4  speedcontrol.o(.data)
    M2SegmentA1                              0x40000014   Data           4  speedcontrol.o(.data)
    M2SegmentB1                              0x40000018   Data           4  speedcontrol.o(.data)
    M2total_steps                            0x4000001c   Data           4  speedcontrol.o(.data)
    M2StepAngle                              0x40000020   Data           4  speedcontrol.o(.data)
    M2Acceleration                           0x40000024   Data           4  speedcontrol.o(.data)
    M3SegmentA1                              0x40000028   Data           4  speedcontrol.o(.data)
    M3SegmentB1                              0x4000002c   Data           4  speedcontrol.o(.data)
    M3total_steps                            0x40000030   Data           4  speedcontrol.o(.data)
    Frequency                                0x40000034   Data           4  speedcontrol.o(.data)
    t_SMotor1                                0x40000038   Data           4  speedcontrol.o(.data)
    t_SMotor2                                0x4000003c   Data           4  speedcontrol.o(.data)
    t_SMotor3                                0x40000040   Data           4  speedcontrol.o(.data)
    M1MaxSpeed                               0x40000044   Data           4  speedcontrol.o(.data)
    M1Decceleration                          0x40000048   Data           4  speedcontrol.o(.data)
    M2MaxSpeed                               0x4000004c   Data           4  speedcontrol.o(.data)
    M2Decceleration                          0x40000050   Data           4  speedcontrol.o(.data)
    M3MaxSpeed                               0x40000054   Data           4  speedcontrol.o(.data)
    M3StepAngle                              0x40000058   Data           4  speedcontrol.o(.data)
    M3Acceleration                           0x4000005c   Data           4  speedcontrol.o(.data)
    M3Decceleration                          0x40000060   Data           4  speedcontrol.o(.data)
    m_tmr                                    0x40000064   Data           4  rtx_config.o(.data)
    os_runtask                               0x40000068   Data           4  rt_task.o(.data)
    sys_stktop                               0x4000006c   Data           4  hal_arm.o(.data)
    sys_mode                                 0x40000070   Data           1  hal_arm.o(.data)
    os_psh                                   0x40000074   Data           8  rt_system.o(.data)
    os_robin                                 0x4000007c   Data           8  rt_robin.o(.data)
    os_time                                  0x40000084   Data           4  rt_time.o(.data)
    os_tmr                                   0x40000088   Data           8  rt_timer.o(.data)
    mp_tcb                                   0x40000090   Data         404  rtx_config.o(.bss)
    mp_stk                                   0x40000228   Data        1416  rtx_config.o(.bss)
    os_fifo                                  0x400007b0   Data         132  rtx_config.o(.bss)
    os_active_TCB                            0x40000834   Data          28  rtx_config.o(.bss)
    os_idle_TCB                              0x40000850   Data          56  rt_task.o(.bss)
    os_rdy                                   0x40000888   Data          24  rt_list.o(.bss)
    os_dly                                   0x400008a0   Data          24  rt_list.o(.bss)
    __initial_sp                             0x40000908   Data         160  lpc2300.o(STACK)



==============================================================================

Memory Map of the image

  Image Entry point : 0x00000160

  Load Region LR_IROM1 (Base: 0x00000000, Size: 0x00001f9c, Max: 0x00080000, ABSOLUTE)

    Execution Region ER_IROM1 (Base: 0x00000000, Size: 0x00001f0c, Max: 0x00080000, ABSOLUTE)

    Base Addr    Size         Type   Attr      Idx    E Section Name        Object

    0x00000000   0x00000160   Code   RO          140    RESET               lpc2300.o
    0x00000160   0x00000000   Code   RO          662  * .ARM.Collect$$$$00000000  mc_t.l(entry.o)
    0x00000160   0x00000004   Code   RO          683    .ARM.Collect$$$$00000001  mc_t.l(entry2.o)
    0x00000164   0x00000004   Code   RO          685    .ARM.Collect$$$$00000004  mc_t.l(entry5.o)
    0x00000168   0x00000000   Code   RO          687    .ARM.Collect$$$$00000008  mc_t.l(entry7b.o)
    0x00000168   0x00000000   Code   RO          689    .ARM.Collect$$$$0000000A  mc_t.l(entry8b.o)
    0x00000168   0x0000000c   Code   RO          690    .ARM.Collect$$$$0000000B  mc_t.l(entry9a.o)
    0x00000174   0x00000000   Code   RO          692    .ARM.Collect$$$$0000000D  mc_t.l(entry10a.o)
    0x00000174   0x00000000   Code   RO          694    .ARM.Collect$$$$0000000F  mc_t.l(entry11a.o)
    0x00000174   0x00000004   Code   RO          684    .ARM.Collect$$$$00002712  mc_t.l(entry2.o)
    0x00000178   0x00000204   Code   RO          283    .emb_text           RTX_ARM_L.LIB(hal_arm.o)
    0x0000037c   0x000002e4   Code   RO            1    .text               speedcontrol.o
    0x00000660   0x0000033c   Code   RO           44    .text               motor.o
    0x0000099c   0x00000094   Code   RO           57    .text               serial.o
    0x00000a30   0x00000078   Code   RO           71    .text               timersseup.o
    0x00000aa8   0x00000110   Code   RO           83    .text               timersinterrupts.o
    0x00000bb8   0x00000008   Ven    RO           96    .text               pulsecontrol.o
    0x00000bc0   0x0000002c   Code   RO           96    .text               pulsecontrol.o
    0x00000bec   0x00000084   Code   RO          108    .text               rtx_config.o
    0x00000c70   0x0000002e   Code   RO          665    .text               mc_t.l(uidiv.o)
    0x00000c9e   0x000000ba   Code   RO          667    .text               mf_t.l(fadd.o)
    0x00000d58   0x0000007e   Code   RO          669    .text               mf_t.l(fmul.o)
    0x00000dd6   0x00000080   Code   RO          671    .text               mf_t.l(fdiv.o)
    0x00000e56   0x00000018   Code   RO          673    .text               mf_t.l(fscalb.o)
    0x00000e6e   0x00000012   Code   RO          675    .text               mf_t.l(ffltui.o)
    0x00000e80   0x00000028   Code   RO          677    .text               mf_t.l(ffixui.o)
    0x00000ea8   0x00000040   Code   RO          679    .text               mf_t.l(dfixui.o)
    0x00000ee8   0x00000028   Code   RO          681    .text               mf_t.l(f2d.o)
    0x00000f10   0x00000024   Code   RO          696    .text               mc_t.l(llushr.o)
    0x00000f34   0x00000000   Code   RO          698    .text               mc_t.l(iusefp.o)
    0x00000f34   0x00000082   Code   RO          699    .text               mf_t.l(fepilogue.o)
    0x00000fb6   0x00000002   PAD
    0x00000fb8   0x00000008   Ven    RO          701    .text               mf_t.l(dadd.o)
    0x00000fc0   0x00000168   Code   RO          701    .text               mf_t.l(dadd.o)
    0x00001128   0x00000008   Ven    RO          703    .text               mf_t.l(cdrcmple.o)
    0x00001130   0x00000028   Code   RO          703    .text               mf_t.l(cdrcmple.o)
    0x00001158   0x00000008   Ven    RO          705    .text               mc_t.l(init.o)
    0x00001160   0x00000020   Code   RO          705    .text               mc_t.l(init.o)
    0x00001180   0x00000022   Code   RO          709    .text               mc_t.l(llshl.o)
    0x000011a2   0x00000028   Code   RO          711    .text               mc_t.l(llsshr.o)
    0x000011ca   0x000000c4   Code   RO          713    .text               mf_t.l(depilogue.o)
    0x0000128e   0x00000002   PAD
    0x00001290   0x00000024   Code   RO          511    SWI_TABLE           RTX_ARM_L.LIB(swi_table.o)
    0x000012b4   0x0000000c   Ven    RO          731    Veneer$$Code        anon$$obj.o
    0x000012c0   0x00000008   Ven    RO          732    Veneer$$Code        anon$$obj.o
    0x000012c8   0x0000000c   Ven    RO          733    Veneer$$Code        anon$$obj.o
    0x000012d4   0x0000002e   Code   RO          715    i.__ARM_clz         mf_t.l(depilogue.o)
    0x00001302   0x00000002   Code   RO          707    i.__ARM_common_call_via_r3  mc_t.l(init.o)
    0x00001304   0x00000034   Code   RO          284    i.__SWI_0           RTX_ARM_L.LIB(hal_arm.o)
    0x00001338   0x0000000e   Code   RO          481    i.__SWI_1           RTX_ARM_L.LIB(rt_membox.o)
    0x00001346   0x00000018   Code   RO          482    i.__SWI_2           RTX_ARM_L.LIB(rt_membox.o)
    0x0000135e   0x00000008   Code   RO          285    i.__SWI_3           RTX_ARM_L.LIB(hal_arm.o)
    0x00001366   0x00000008   Code   RO          286    i.__SWI_4           RTX_ARM_L.LIB(hal_arm.o)
    0x0000136e   0x00000002   Code   RO          287    i.__SWI_6           RTX_ARM_L.LIB(hal_arm.o)
    0x00001370   0x00000002   Code   RO          288    i.__SWI_7           RTX_ARM_L.LIB(hal_arm.o)
    0x00001372   0x00000002   PAD
    0x00001374   0x0000001c   Code   RO          719    i.__scatterload_copy  mc_t.l(handlers.o)
    0x00001390   0x00000004   Code   RO          720    i.__scatterload_null  mc_t.l(handlers.o)
    0x00001394   0x00000018   Code   RO          721    i.__scatterload_zeroinit  mc_t.l(handlers.o)
    0x000013ac   0x0000004a   Code   RO          484    i._init_box         RTX_ARM_L.LIB(rt_membox.o)
    0x000013f6   0x00000002   PAD
    0x000013f8   0x00000004   Ven    RO          659    i.ceil              m_ts.l(ceil.o)
    0x000013fc   0x00000150   Code   RO          659    i.ceil              m_ts.l(ceil.o)
    0x0000154c   0x00000008   Ven    RO          237    i.isr_evt_set       RTX_ARM_L.LIB(rt_event.o)
    0x00001554   0x00000028   Code   RO          237    i.isr_evt_set       RTX_ARM_L.LIB(rt_event.o)
    0x0000157c   0x00000048   Code   RO          144    i.os_block          RTX_ARM_L.LIB(rt_task.o)
    0x000015c4   0x00000048   Code   RO          460    i.os_chk_robin      RTX_ARM_L.LIB(rt_robin.o)
    0x0000160c   0x0000007c   Code   RO          388    i.os_dec_dly        RTX_ARM_L.LIB(rt_list.o)
    0x00001688   0x00000044   Code   RO          145    i.os_dispatch       RTX_ARM_L.LIB(rt_task.o)
    0x000016cc   0x00000050   Code   RO          240    i.os_evt_psh        RTX_ARM_L.LIB(rt_event.o)
    0x0000171c   0x00000060   Code   RO          242    i.os_evt_wait       RTX_ARM_L.LIB(rt_event.o)
    0x0000177c   0x0000002a   Code   RO          389    i.os_get_first      RTX_ARM_L.LIB(rt_list.o)
    0x000017a6   0x00000002   PAD
    0x000017a8   0x0000004c   Code   RO          146    i.os_init_context   RTX_ARM_L.LIB(rt_task.o)
    0x000017f4   0x00000018   Code   RO          461    i.os_init_robin     RTX_ARM_L.LIB(rt_robin.o)
    0x0000180c   0x00000074   Code   RO          289    i.os_init_stack     RTX_ARM_L.LIB(hal_arm.o)
    0x00001880   0x00000090   Code   RO          551    i.os_mbx_psh        RTX_ARM_L.LIB(rt_mailbox.o)
    0x00001910   0x00000034   Code   RO          343    i.os_psh_req        RTX_ARM_L.LIB(rt_system.o)
    0x00001944   0x00000034   Code   RO          391    i.os_psq_enq        RTX_ARM_L.LIB(rt_list.o)
    0x00001978   0x00000050   Code   RO          392    i.os_put_dly        RTX_ARM_L.LIB(rt_list.o)
    0x000019c8   0x0000003e   Code   RO          393    i.os_put_prio       RTX_ARM_L.LIB(rt_list.o)
    0x00001a06   0x00000002   PAD
    0x00001a08   0x00000014   Code   RO          394    i.os_put_rdy_first  RTX_ARM_L.LIB(rt_list.o)
    0x00001a1c   0x0000002c   Code   RO          396    i.os_rmv_dly        RTX_ARM_L.LIB(rt_list.o)
    0x00001a48   0x00000034   Code   RO          397    i.os_rmv_list       RTX_ARM_L.LIB(rt_list.o)
    0x00001a7c   0x00000038   Code   RO          597    i.os_sem_psh        RTX_ARM_L.LIB(rt_semaphore.o)
    0x00001ab4   0x00000030   Code   RO          290    i.os_stk_check      RTX_ARM_L.LIB(hal_arm.o)
    0x00001ae4   0x000000e8   Code   RO          147    i.os_sys_init1      RTX_ARM_L.LIB(rt_task.o)
    0x00001bcc   0x000000cc   Code   RO          346    i.os_sys_manager    RTX_ARM_L.LIB(rt_system.o)
    0x00001c98   0x00000044   Code   RO          633    i.os_tmr_tick       RTX_ARM_L.LIB(rt_timer.o)
    0x00001cdc   0x00000090   Code   RO          148    i.os_tsk_create0    RTX_ARM_L.LIB(rt_task.o)
    0x00001d6c   0x00000150   Code   RO          150    i.os_tsk_delete     RTX_ARM_L.LIB(rt_task.o)
    0x00001ebc   0x0000000b   Data   RO           58    .constdata          serial.o
    0x00001ec7   0x00000001   PAD
    0x00001ec8   0x00000002   Data   RO          113    .constdata          rtx_config.o
    0x00001eca   0x00000002   PAD
    0x00001ecc   0x00000004   Data   RO          114    .constdata          rtx_config.o
    0x00001ed0   0x00000004   Data   RO          115    .constdata          rtx_config.o
    0x00001ed4   0x00000008   Data   RO          116    .constdata          rtx_config.o
    0x00001edc   0x00000002   Data   RO          117    .constdata          rtx_config.o
    0x00001ede   0x00000002   PAD
    0x00001ee0   0x00000004   Data   RO          118    .constdata          rtx_config.o
    0x00001ee4   0x00000001   Data   RO          119    .constdata          rtx_config.o
    0x00001ee5   0x00000001   PAD
    0x00001ee6   0x00000002   Data   RO          120    .constdata          rtx_config.o
    0x00001ee8   0x00000004   Data   RO          347    .constdata          RTX_ARM_L.LIB(rt_system.o)
    0x00001eec   0x00000020   Data   RO          717    Region$$Table       anon$$obj.o


    Execution Region RW_IRAM1 (Base: 0x40000000, Size: 0x000009a8, Max: 0x00008000, ABSOLUTE)

    Base Addr    Size         Type   Attr      Idx    E Section Name        Object

    0x40000000   0x00000044   Data   RW            2    .data               speedcontrol.o
    0x40000044   0x00000004   Data   RW            3    .data               speedcontrol.o
    0x40000048   0x00000004   Data   RW            4    .data               speedcontrol.o
    0x4000004c   0x00000004   Data   RW            5    .data               speedcontrol.o
    0x40000050   0x00000004   Data   RW            6    .data               speedcontrol.o
    0x40000054   0x00000004   Data   RW            7    .data               speedcontrol.o
    0x40000058   0x00000004   Data   RW            8    .data               speedcontrol.o
    0x4000005c   0x00000004   Data   RW            9    .data               speedcontrol.o
    0x40000060   0x00000004   Data   RW           10    .data               speedcontrol.o
    0x40000064   0x00000004   Data   RW          121    .data               rtx_config.o
    0x40000068   0x00000004   Data   RW          155    .data               RTX_ARM_L.LIB(rt_task.o)
    0x4000006c   0x00000004   Data   RW          291    .data               RTX_ARM_L.LIB(hal_arm.o)
    0x40000070   0x00000001   Data   RW          292    .data               RTX_ARM_L.LIB(hal_arm.o)
    0x40000071   0x00000003   PAD
    0x40000074   0x00000008   Data   RW          348    .data               RTX_ARM_L.LIB(rt_system.o)
    0x4000007c   0x00000008   Data   RW          462    .data               RTX_ARM_L.LIB(rt_robin.o)
    0x40000084   0x00000004   Data   RW          518    .data               RTX_ARM_L.LIB(rt_time.o)
    0x40000088   0x00000008   Data   RW          634    .data               RTX_ARM_L.LIB(rt_timer.o)
    0x40000090   0x00000194   Zero   RW          109    .bss                rtx_config.o
    0x40000224   0x00000004   PAD
    0x40000228   0x00000588   Zero   RW          110    .bss                rtx_config.o
    0x400007b0   0x00000084   Zero   RW          111    .bss                rtx_config.o
    0x40000834   0x0000001c   Zero   RW          112    .bss                rtx_config.o
    0x40000850   0x00000038   Zero   RW          154    .bss                RTX_ARM_L.LIB(rt_task.o)
    0x40000888   0x00000030   Zero   RW          398    .bss                RTX_ARM_L.LIB(rt_list.o)
    0x400008b8   0x000000f0   Zero   RW          138    STACK               lpc2300.o


==============================================================================

Image component sizes


      Code (inc. data)   RO Data    RW Data    ZI Data      Debug   Object Name

       352         48          0          0        240        364   lpc2300.o
       828        110          0          0          0       1013   motor.o
        44          8          0          0          0        690   pulsecontrol.o
       132         24         27          4       1980       2758   rtx_config.o
       148         16         11          0          0       1433   serial.o
       740         62          0        100          0      11365   speedcontrol.o
       272         32          0          0          0        888   timersinterrupts.o
       120         36          0          0          0        627   timersseup.o

    ----------------------------------------------------------------------
      2676        344         76        104       2224      19138   Object Totals
        40          8         32          0          0          0   (incl. Generated)
         0          0          6          0          4          0   (incl. Padding)

    ----------------------------------------------------------------------

      Code (inc. data)   RO Data    RW Data    ZI Data      Debug   Library Member Name

       752         80          0          5          0       4203   hal_arm.o
       224         18          0          0          0       1733   rt_event.o
       476         30          0          0         48       4250   rt_list.o
       144          4          0          0          0        621   rt_mailbox.o
       112          0          0          0          0       1584   rt_membox.o
        96         20          0          8          0       1058   rt_robin.o
        56          6          0          0          0        521   rt_semaphore.o
       256         26          4          8          0       1746   rt_system.o
       928        136          0          4         56       6374   rt_task.o
         0          0          0          4          0        186   rt_time.o
        68         10          0          8          0        687   rt_timer.o
        36         36          0          0          0        180   swi_table.o
       340          8          0          0          0        144   ceil.o
         0          0          0          0          0          0   entry.o
         0          0          0          0          0          0   entry10a.o
         0          0          0          0          0          0   entry11a.o
         8          4          0          0          0          0   entry2.o
         4          0          0          0          0          0   entry5.o
         0          0          0          0          0          0   entry7b.o
         0          0          0          0          0          0   entry8b.o
        12          4          0          0          0          0   entry9a.o
        56          0          0          0          0          0   handlers.o
        42          8          0          0          0        136   init.o
         0          0          0          0          0          0   iusefp.o
        34          0          0          0          0         72   llshl.o
        40          0          0          0          0         72   llsshr.o
        36          0          0          0          0         72   llushr.o
        46          0          0          0          0         72   uidiv.o
        48          0          0          0          0         68   cdrcmple.o
       368          4          0          0          0        152   dadd.o
       242          0          0          0          0        232   depilogue.o
        64         10          0          0          0         80   dfixui.o
        40          0          0          0          0         60   f2d.o
       186          0          0          0          0        124   fadd.o
       128          0          0          0          0         88   fdiv.o
       130          0          0          0          0        144   fepilogue.o
        40          0          0          0          0         60   ffixui.o
        18          0          0          0          0         80   ffltui.o
       126          0          0          0          0         80   fmul.o
        24          0          0          0          0         60   fscalb.o

    ----------------------------------------------------------------------
      5192        404          4         40        104      24939   Library Totals
        12          0          0          3          0          0   (incl. Padding)

    ----------------------------------------------------------------------

      Code (inc. data)   RO Data    RW Data    ZI Data      Debug   Library Name

      3148        366          4         37        104      23143   RTX_ARM_L.LIB
       340          8          0          0          0        144   m_ts.l
       278         16          0          0          0        424   mc_t.l
      1414         14          0          0          0       1228   mf_t.l

    ----------------------------------------------------------------------
      5192        404          4         40        104      24939   Library Totals

    ----------------------------------------------------------------------

==============================================================================


      Code (inc. data)   RO Data    RW Data    ZI Data      Debug   

      7868        748         80        144       2328      41485   Grand Totals
      7868        748         80        144       2328      41485   ELF Image Totals
      7868        748         80        144          0          0   ROM Totals

==============================================================================

    Total RO  Size (Code + RO Data)                 7948 (   7.76kB)
    Total RW  Size (RW Data + ZI Data)              2472 (   2.41kB)
    Total ROM Size (Code + RO Data + RW Data)       8092 (   7.90kB)

==============================================================================

